###############################################################################
#
# IAR ELF Linker V2.20.1.176 for STM8                     26/Mar/2018  16:47:57
# Copyright 2010-2015 IAR Systems AB.
#
#    Output file  =  
#        C:\Users\pc\Desktop\8266\code\Gas_准正式版\Debug\Exe\Lesson1.out
#    Map file     =  
#        C:\Users\pc\Desktop\8266\code\Gas_准正式版\Debug\List\Lesson1.map
#    Command line =  
#        C:\Users\pc\Desktop\8266\code\Gas_准正式版\Debug\Obj\beep.o
#        C:\Users\pc\Desktop\8266\code\Gas_准正式版\Debug\Obj\ESP8826.o
#        C:\Users\pc\Desktop\8266\code\Gas_准正式版\Debug\Obj\flash.o
#        C:\Users\pc\Desktop\8266\code\Gas_准正式版\Debug\Obj\key.o
#        C:\Users\pc\Desktop\8266\code\Gas_准正式版\Debug\Obj\led.o
#        C:\Users\pc\Desktop\8266\code\Gas_准正式版\Debug\Obj\main.o
#        C:\Users\pc\Desktop\8266\code\Gas_准正式版\Debug\Obj\MP_4.o
#        C:\Users\pc\Desktop\8266\code\Gas_准正式版\Debug\Obj\stm8s_adc1.o
#        C:\Users\pc\Desktop\8266\code\Gas_准正式版\Debug\Obj\stm8s_clk.o
#        C:\Users\pc\Desktop\8266\code\Gas_准正式版\Debug\Obj\stm8s_flash.o
#        C:\Users\pc\Desktop\8266\code\Gas_准正式版\Debug\Obj\stm8s_gpio.o
#        C:\Users\pc\Desktop\8266\code\Gas_准正式版\Debug\Obj\stm8s_it.o
#        C:\Users\pc\Desktop\8266\code\Gas_准正式版\Debug\Obj\stm8s_tim2.o
#        C:\Users\pc\Desktop\8266\code\Gas_准正式版\Debug\Obj\stm8s_uart2.o
#        C:\Users\pc\Desktop\8266\code\Gas_准正式版\Debug\Obj\stm8s_wwdg.o
#        C:\Users\pc\Desktop\8266\code\Gas_准正式版\Debug\Obj\uart.o --redirect
#        _Printf=_PrintfFullNoMb --redirect _Scanf=_ScanfSmall -o
#        C:\Users\pc\Desktop\8266\code\Gas_准正式版\Debug\Exe\Lesson1.out --map
#        C:\Users\pc\Desktop\8266\code\Gas_准正式版\Debug\List\Lesson1.map
#        --config
#        C:\Users\pc\Desktop\8266\code\Gas_准正式版\Linker\STM8S105K6.icf
#        --config_def _CSTACK_SIZE=0x200 --config_def _HEAP_SIZE=0x200 --entry
#        __iar_program_start --debug_lib
#
###############################################################################

*******************************************************************************
*** RUNTIME MODEL ATTRIBUTES
***

__SystemLibrary            = DLib
__code_model               = medium_or_large
__core                     = stm8
__data_model               = medium
__dlib_file_descriptor     = 0
__dlib_full_locale_support = 0
__rt_version               = 4


*******************************************************************************
*** PLACEMENT SUMMARY
***

"A1":  place at start of [0x000000-0x0000ff] { rw section .vregs };
"A3":  place at end of [0x000000-0x0007ff] { block CSTACK };
"P2":  place in [from 0x000000 to 0x0007ff] {
          block HEAP, rw section .far.bss, rw section .far.data,
          rw section .far.noinit, rw section .far_func.textrw,
          rw section .huge.bss, rw section .huge.data, rw section .huge.noinit,
          rw section .huge_func.textrw, rw section .iar.dynexit,
          rw section .near.bss, rw section .near.data, rw section .near.noinit,
          rw section .near_func.textrw };
"A4":  place at start of [0x008800-0x00c3ff] { block INTVEC };
"P3":  place in [from 0x008800 to 0x00c3ff] {
          ro section .far.data_init, ro section .far_func.textrw_init,
          ro section .huge.data_init, ro section .huge_func.textrw_init,
          ro section .iar.init_table, ro section .init_array,
          ro section .near.data_init, ro section .near.rodata,
          ro section .near_func.text, ro section .near_func.textrw_init,
          ro section .tiny.data_init, ro section .tiny.rodata_init };
"P4":  place in [from 0x008800 to 0x00c3ff] {
          ro section .far.rodata, ro section .far_func.text };

  Section            Kind      Address    Size  Object
  -------            ----      -------    ----  ------
"A1":                                     0x10
  .vregs             uninit   0x000000    0x10  vregs.o [4]
                            - 0x000010    0x10

"P2", part 1 of 2:                        0x31
  P2-1                        0x000010    0x31  <Init block>
    .near.data       inited   0x000010    0x11  ESP8826.o [1]
    .near.data       inited   0x000021     0xf  ESP8826.o [1]
    .near.data       inited   0x000030     0xd  ESP8826.o [1]
    .near.data       inited   0x00003d     0x4  ESP8826.o [1]
                            - 0x000041    0x31

"P2", part 2 of 2:                       0x198
  .near.bss          zero     0x000041    0x80  main.o [1]
  .near.bss          zero     0x0000c1    0x4d  main.o [1]
  .near.bss          zero     0x00010e    0x40  ESP8826.o [1]
  .near.bss          zero     0x00014e    0x2f  main.o [1]
  .near.bss          zero     0x00017d    0x20  MP_4.o [1]
  .near.bss          zero     0x00019d    0x10  ESP8826.o [1]
  .near.bss          zero     0x0001ad     0x2  ESP8826.o [1]
  .near.bss          zero     0x0001af     0x2  ESP8826.o [1]
  .near.bss          zero     0x0001b1     0x2  ESP8826.o [1]
  .near.bss          zero     0x0001b3     0x2  ESP8826.o [1]
  .near.bss          zero     0x0001b5     0x2  ESP8826.o [1]
  .near.bss          zero     0x0001b7     0x2  key.o [1]
  .near.bss          zero     0x0001b9     0x2  key.o [1]
  .near.bss          zero     0x0001bb     0x2  led.o [1]
  .near.bss          zero     0x0001bd     0x2  main.o [1]
  .near.bss          zero     0x0001bf     0x2  main.o [1]
  .near.bss          zero     0x0001c1     0x2  main.o [1]
  .near.bss          zero     0x0001c3     0x2  main.o [1]
  .near.bss          zero     0x0001c5     0x1  beep.o [1]
  .near.bss          zero     0x0001c6     0x1  ESP8826.o [1]
  .near.bss          zero     0x0001c7     0x1  key.o [1]
  .near.bss          zero     0x0001c8     0x1  main.o [1]
  .near.bss          zero     0x0001c9     0x1  main.o [1]
  .near.bss          zero     0x0001ca     0x1  main.o [1]
  .near.bss          zero     0x0001cb     0x1  main.o [1]
  .near.bss          zero     0x0001cc     0x1  main.o [1]
  .near.bss          zero     0x0001cd     0x1  main.o [1]
  .near.bss          zero     0x0001ce     0x1  main.o [1]
  .near.bss          zero     0x0001cf     0x1  main.o [1]
  .near.bss          zero     0x0001d0     0x1  main.o [1]
  .near.bss          zero     0x0001d1     0x1  MP_4.o [1]
  .near.bss          zero     0x0001d2     0x1  stm8s_it.o [1]
  .near.bss          zero     0x0001d3     0x1  stm8s_it.o [1]
  .near.bss          zero     0x0001d4     0x1  stm8s_it.o [1]
  .near.bss          zero     0x0001d5     0x1  stm8s_it.o [1]
  .near.bss          zero     0x0001d6     0x1  stm8s_it.o [1]
  .near.bss          zero     0x0001d7     0x1  stm8s_it.o [1]
  .near.bss          zero     0x0001d8     0x1  stm8s_it.o [1]
                            - 0x0001d9   0x198

"A3":                                    0x200
  CSTACK                      0x000600   0x200  <Block>
    CSTACK           uninit   0x000600   0x200  <Block tail>
                            - 0x000800   0x200

"A4":                                    0x100
  INTVEC                      0x008800   0x100  <Block>
    .intvec          const    0x008800    0x80  interrupt.o [4]
    INTVEC           const    0x008880    0x80  <Block tail>
                            - 0x008900   0x100

"P3":                                    0x575
  .near.rodata       const    0x008900   0x100  ESP8826.o [1]
  .near.rodata       const    0x008a00    0xca  ESP8826.o [1]
  .near.rodata       const    0x008aca    0x54  stm8s_flash.o [1]
  .near.rodata       const    0x008b1e    0x54  stm8s_uart2.o [1]
  .near.rodata       const    0x008b72    0x53  stm8s_tim2.o [1]
  .near.rodata       const    0x008bc5    0x53  stm8s_wwdg.o [1]
  .near.rodata       const    0x008c18    0x52  stm8s_clk.o [1]
  .near.rodata       const    0x008c6a    0x40  ESP8826.o [1]
  Initializer bytes  const    0x008caa    0x31  <for P2-1>
  .near.rodata       const    0x008cdb    0x2c  ESP8826.o [1]
  .near.rodata       const    0x008d07    0x29  ESP8826.o [1]
  .near.rodata       const    0x008d30    0x27  main.o [1]
  .iar.init_table    const    0x008d57    0x14  - Linker created -
  .near.rodata       const    0x008d6b    0x1c  main.o [1]
  .near.rodata       const    0x008d87    0x1b  main.o [1]
  .near.rodata       const    0x008da2    0x12  ESP8826.o [1]
  .near.rodata       const    0x008db4    0x12  ESP8826.o [1]
  .near.rodata       const    0x008dc6    0x11  ESP8826.o [1]
  .near.rodata       const    0x008dd7     0xf  ESP8826.o [1]
  .near.rodata       const    0x008de6     0xf  ESP8826.o [1]
  .near.rodata       const    0x008df5     0xe  ESP8826.o [1]
  .near.rodata       const    0x008e03     0xe  main.o [1]
  .near.rodata       const    0x008e11     0xd  ESP8826.o [1]
  .near.rodata       const    0x008e1e     0xd  ESP8826.o [1]
  .near.rodata       const    0x008e2b     0xd  main.o [1]
  .near.rodata       const    0x008e38     0xb  ESP8826.o [1]
  .near.rodata       const    0x008e43     0x9  ESP8826.o [1]
  .near.rodata       const    0x008e4c     0x9  ESP8826.o [1]
  .near.rodata       const    0x008e55     0x8  ESP8826.o [1]
  .near.rodata       const    0x008e5d     0x7  ESP8826.o [1]
  .near.rodata       const    0x008e64     0x4  ESP8826.o [1]
  .near.rodata       const    0x008e68     0x4  stm8s_clk.o [1]
  .near.rodata       const    0x008e6c     0x3  ESP8826.o [1]
  .near.rodata       const    0x008e6f     0x3  ESP8826.o [1]
  .near.rodata       const    0x008e72     0x3  main.o [1]
                            - 0x008e75   0x575

"P4":                                   0x3163
  .far_func.text     ro code  0x008e75   0x8f2  ESP8826.o [1]
  .far_func.text     ro code  0x009767   0x806  ESP8826.o [1]
  .far_func.text     ro code  0x009f6d   0x2f8  main.o [1]
  .far_func.text     ro code  0x00a265   0x1c7  main.o [1]
  .far_func.text     ro code  0x00a42c   0x19b  stm8s_it.o [1]
  .far_func.text     ro code  0x00a5c7   0x180  long.o [4]
  .far_func.text     ro code  0x00a747   0x16f  main.o [1]
  .far_func.text     ro code  0x00a8b6   0x15f  ESP8826.o [1]
  .far_func.text     ro code  0x00aa15   0x13d  vreg_util.o [4]
  .far_func.text     ro code  0x00ab52   0x124  stm8s_it.o [1]
  .far_func.text     ro code  0x00ac76   0x11e  stm8s_uart2.o [1]
  .far_func.text     ro code  0x00ad94   0x119  key.o [1]
  .far_func.text     ro code  0x00aead    0xec  main.o [1]
  .far_func.text     ro code  0x00af99    0xbb  led.o [1]
  .far_func.text     ro code  0x00b054    0xb4  main.o [1]
  .far_func.text     ro code  0x00b108    0xb3  stm8s_uart2.o [1]
  .far_func.text     ro code  0x00b1bb    0xa5  flash.o [1]
  .far_func.text     ro code  0x00b260    0xa5  stm8s_it.o [1]
  .far_func.text     ro code  0x00b305    0x97  flash.o [1]
  .far_func.text     ro code  0x00b39c    0x97  stm8s_uart2.o [1]
  .far_func.text     ro code  0x00b433    0x94  stm8s_clk.o [1]
  .far_func.text     ro code  0x00b4c7    0x92  main.o [1]
  .far_func.text     ro code  0x00b559    0x80  stm8s_clk.o [1]
  .far_func.text     ro code  0x00b5d9    0x7e  stm8s_uart2.o [1]
  .far_func.text     ro code  0x00b657    0x76  stm8s_gpio.o [1]
  .far_func.text     ro code  0x00b6cd    0x65  main.o [1]
  .far_func.text     ro code  0x00b732    0x58  led.o [1]
  .far_func.text     ro code  0x00b78a    0x58  stm8s_flash.o [1]
  .far_func.text     ro code  0x00b7e2    0x58  dc_util.o [4]
  .far_func.text     ro code  0x00b83a    0x56  ESP8826.o [1]
  .far_func.text     ro code  0x00b890    0x56  MP_4.o [1]
  .far_func.text     ro code  0x00b8e6    0x54  MP_4.o [1]
  .far_func.text     ro code  0x00b93a    0x52  uart.o [1]
  .far_func.text     ro code  0x00b98c    0x48  stm8s_uart2.o [1]
  .far_func.text     ro code  0x00b9d4    0x47  stm8s_flash.o [1]
  .far_func.text     ro code  0x00ba1b    0x42  main.o [1]
  .far_func.text     ro code  0x00ba5d    0x3c  flash.o [1]
  .far_func.text     ro code  0x00ba99    0x3c  stm8s_clk.o [1]
  .far_func.text     ro code  0x00bad5    0x3a  ESP8826.o [1]
  .far_func.text     ro code  0x00bb0f    0x37  flash.o [1]
  .far_func.text     ro code  0x00bb46    0x36  stm8s_clk.o [1]
  .far_func.text     ro code  0x00bb7c    0x36  short.o [4]
  .far_func.text     ro code  0x00bbb2    0x32  uart.o [1]
  .far_func.text     ro code  0x00bbe4    0x30  main.o [1]
  .far_func.text     ro code  0x00bc14    0x2c  stm8s_clk.o [1]
  .far_func.text     ro code  0x00bc40    0x29  stm8s_flash.o [1]
  .far_func.text     ro code  0x00bc69    0x28  init_small.o [4]
  .far_func.text     ro code  0x00bc91    0x27  beep.o [1]
  .far_func.text     ro code  0x00bcb8    0x27  stm8s_uart2.o [1]
  .far_func.text     ro code  0x00bcdf    0x26  MP_4.o [1]
  .far_func.text     ro code  0x00bd05    0x26  memcpy.o [4]
  .far_func.text     ro code  0x00bd2b    0x25  stm8s_it.o [1]
  .far_func.text     ro code  0x00bd50    0x25  stm8s_tim2.o [1]
  .far_func.text     ro code  0x00bd75    0x23  stm8s_uart2.o [1]
  .far_func.text     ro code  0x00bd98    0x23  stm8s_wwdg.o [1]
  .far_func.text     ro code  0x00bdbb    0x22  main.o [1]
  .far_func.text     ro code  0x00bddd    0x1f  move.o [4]
  .far_func.text     ro code  0x00bdfc    0x1e  init.o [4]
  .far_func.text     ro code  0x00be1a    0x1e  init_small.o [4]
  .far_func.text     ro code  0x00be38    0x1a  long_util.o [4]
  .far_func.text     ro code  0x00be52    0x19  flash.o [1]
  .far_func.text     ro code  0x00be6b    0x18  ESP8826.o [1]
  .far_func.text     ro code  0x00be83    0x18  led.o [1]
  .far_func.text     ro code  0x00be9b    0x18  stm8s_flash.o [1]
  .far_func.text     ro code  0x00beb3    0x17  MP_4.o [1]
  .far_func.text     ro code  0x00beca    0x17  cstartup.o [4]
  .far_func.text     ro code  0x00bee1    0x17  memset.o [4]
  .far_func.text     ro code  0x00bef8    0x16  beep.o [1]
  .far_func.text     ro code  0x00bf0e    0x16  __dbg_xxexit.o [3]
  .far_func.text     ro code  0x00bf24    0x13  stm8s_tim2.o [1]
  .far_func.text     ro code  0x00bf37     0xe  far_util.o [4]
  .far_func.text     ro code  0x00bf45     0xd  stm8s_clk.o [1]
  .far_func.text     ro code  0x00bf52     0xd  stm8s_clk.o [1]
  .far_func.text     ro code  0x00bf5f     0xd  stm8s_tim2.o [1]
  .far_func.text     ro code  0x00bf6c     0xd  stm8s_uart2.o [1]
  .far_func.text     ro code  0x00bf79     0xb  abs.o [4]
  .far_func.text     ro code  0x00bf84     0xa  stm8s_tim2.o [1]
  .far_func.text     ro code  0x00bf8e     0x9  MP_4.o [1]
  .far_func.text     ro code  0x00bf97     0x7  stm8s_gpio.o [1]
  .far_func.text     ro code  0x00bf9e     0x7  stm8s_gpio.o [1]
  .far_func.text     ro code  0x00bfa5     0x6  cexit.o [4]
  .far_func.text     ro code  0x00bfab     0x4  stm8s_flash.o [1]
  .far_func.text     ro code  0x00bfaf     0x4  stm8s_gpio.o [1]
  .far_func.text     ro code  0x00bfb3     0x4  stm8s_uart2.o [1]
  .far_func.text     ro code  0x00bfb7     0x4  interrupt.o [4]
  .far_func.text     ro code  0x00bfbb     0x4  exit.o [4]
  .far_func.text     ro code  0x00bfbf     0x3  low_level_init.o [4]
  .far_func.text     ro code  0x00bfc2     0x3  unhandled_exception.o [4]
  .far_func.text     ro code  0x00bfc5     0x2  main.o [1]
  .far_func.text     ro code  0x00bfc7     0x1  stm8s_it.o [1]
  .far_func.text     ro code  0x00bfc8     0x1  stm8s_it.o [1]
  .far_func.text     ro code  0x00bfc9     0x1  stm8s_it.o [1]
  .far_func.text     ro code  0x00bfca     0x1  stm8s_it.o [1]
  .far_func.text     ro code  0x00bfcb     0x1  stm8s_it.o [1]
  .far_func.text     ro code  0x00bfcc     0x1  stm8s_it.o [1]
  .far_func.text     ro code  0x00bfcd     0x1  stm8s_it.o [1]
  .far_func.text     ro code  0x00bfce     0x1  stm8s_it.o [1]
  .far_func.text     ro code  0x00bfcf     0x1  stm8s_it.o [1]
  .far_func.text     ro code  0x00bfd0     0x1  stm8s_it.o [1]
  .far_func.text     ro code  0x00bfd1     0x1  stm8s_it.o [1]
  .far_func.text     ro code  0x00bfd2     0x1  stm8s_it.o [1]
  .far_func.text     ro code  0x00bfd3     0x1  stm8s_it.o [1]
  .far_func.text     ro code  0x00bfd4     0x1  stm8s_it.o [1]
  .far_func.text     ro code  0x00bfd5     0x1  stm8s_it.o [1]
  .far_func.text     ro code  0x00bfd6     0x1  stm8s_it.o [1]
  .far_func.text     ro code  0x00bfd7     0x1  __dbg_break.o [3]
                            - 0x00bfd8  0x3163


*******************************************************************************
*** INIT TABLE
***

          Address   Size
          -------   ----
Zero (__iar_zero_init2)
    1 destination range, total size 0x198:
          0x000041  0x198

Copy (__iar_copy_init2)
    1 source range, total size 0x31:
          0x008caa   0x31
    1 destination range, total size 0x31:
          0x000010   0x31



*******************************************************************************
*** MODULE SUMMARY
***

    Module                 ro code  ro data  rw data
    ------                 -------  -------  -------
C:\Users\pc\Desktop\8266\code\Gas_准正式版\Debug\Obj: [1]
    ESP8826.o                4 863      833      140
    MP_4.o                     240                33
    beep.o                      61                 1
    flash.o                    456
    key.o                      281                 5
    led.o                      299                 2
    main.o                   2 395      124      269
    stm8s_clk.o                460       86
    stm8s_flash.o              228       84
    stm8s_gpio.o               136
    stm8s_it.o                 921                 7
    stm8s_tim2.o                79       83
    stm8s_uart2.o              905       84
    stm8s_wwdg.o                35       83
    uart.o                     132
    ------------------------------------------------
    Total:                  11 491    1 377      457

command line: [2]
    ------------------------------------------------
    Total:

dbgstm8mmd.a: [3]
    __dbg_break.o                1
    __dbg_xxexit.o              22
    ------------------------------------------------
    Total:                      23

dlstm8mmn.a: [4]
    abs.o                       11
    cexit.o                      6
    cstartup.o                  23
    dc_util.o                   88
    exit.o                       4
    far_util.o                  14
    init.o                      30
    init_small.o                70
    interrupt.o                  4      128
    long.o                     384
    long_util.o                 26
    low_level_init.o             3
    memcpy.o                    38
    memset.o                    23
    move.o                      31
    short.o                     54
    unhandled_exception.o        3
    vreg_util.o                317
    vregs.o                                       16
    ------------------------------------------------
    Total:                   1 129      128       16

    Linker created                      148      512
----------------------------------------------------
    Grand Total:            12 643    1 653      985


*******************************************************************************
*** ENTRY LIST
***

Entry                    Address   Size  Type      Object
-----                    -------   ----  ----      ------
.iar.init_table$$Base   0x008d57          --   Gb  - Linker created -
.iar.init_table$$Limit  0x008d6b          --   Gb  - Linker created -
?add32_l0_l0_0x         0x00a5e2         Code  Gb  long.o [4]
?add32_l0_l0_l1         0x00a5df         Code  Gb  long.o [4]
?b0                     0x000000         Data  Gb  vregs.o [4]
?b1                     0x000001         Data  Gb  vregs.o [4]
?b10                    0x00000a         Data  Gb  vregs.o [4]
?b11                    0x00000b         Data  Gb  vregs.o [4]
?b12                    0x00000c         Data  Gb  vregs.o [4]
?b13                    0x00000d         Data  Gb  vregs.o [4]
?b14                    0x00000e         Data  Gb  vregs.o [4]
?b15                    0x00000f         Data  Gb  vregs.o [4]
?b2                     0x000002         Data  Gb  vregs.o [4]
?b3                     0x000003         Data  Gb  vregs.o [4]
?b4                     0x000004         Data  Gb  vregs.o [4]
?b5                     0x000005         Data  Gb  vregs.o [4]
?b6                     0x000006         Data  Gb  vregs.o [4]
?b7                     0x000007         Data  Gb  vregs.o [4]
?b8                     0x000008         Data  Gb  vregs.o [4]
?b9                     0x000009         Data  Gb  vregs.o [4]
?dc32_l0                0x00b7e2         Code  Gb  dc_util.o [4]
?dc32_l1                0x00b80e         Code  Gb  dc_util.o [4]
?e0                     0x000001         Data  Gb  vregs.o [4]
?e1                     0x000005         Data  Gb  vregs.o [4]
?e2                     0x000009         Data  Gb  vregs.o [4]
?e3                     0x00000d         Data  Gb  vregs.o [4]
?epilogue_l2            0x00aac1         Code  Gb  vreg_util.o [4]
?epilogue_l2_l3         0x00aabd         Code  Gb  vreg_util.o [4]
?epilogue_l2_w6         0x00aac6         Code  Gb  vreg_util.o [4]
?epilogue_w4            0x00aacf         Code  Gb  vreg_util.o [4]
?inc32_0x_0x            0x00a5d1         Code  Gb  long.o [4]
?inc32_l0_l0            0x00a5c7         Code  Gb  long.o [4]
?inc32_l2_l2            0x00a5cc         Code  Gb  long.o [4]
?l0                     0x000000         Data  Gb  vregs.o [4]
?l1                     0x000004         Data  Gb  vregs.o [4]
?l2                     0x000008         Data  Gb  vregs.o [4]
?l3                     0x00000c         Data  Gb  vregs.o [4]
?load24_e1_0x           0x00bf37         Code  Gb  far_util.o [4]
?load32_0x_l0           0x00be44         Code  Gb  long_util.o [4]
?load32_l0_0x           0x00be38         Code  Gb  long_util.o [4]
?mov_e0_e2              0x00aafa         Code  Gb  vreg_util.o [4]
?mov_e0_e3              0x00ab07         Code  Gb  vreg_util.o [4]
?mov_e1_e0              0x00ab14         Code  Gb  vreg_util.o [4]
?mov_e1_e2              0x00ab21         Code  Gb  vreg_util.o [4]
?mov_e1_e3              0x00ab2e         Code  Gb  vreg_util.o [4]
?mov_e2_e0              0x00ab3b         Code  Gb  vreg_util.o [4]
?mov_e3_e0              0x00ab48         Code  Gb  vreg_util.o [4]
?mov_l0_l2              0x00aaf7         Code  Gb  vreg_util.o [4]
?mov_l0_l3              0x00ab04         Code  Gb  vreg_util.o [4]
?mov_l1_l0              0x00ab11         Code  Gb  vreg_util.o [4]
?mov_l1_l2              0x00ab1e         Code  Gb  vreg_util.o [4]
?mov_l1_l3              0x00ab2b         Code  Gb  vreg_util.o [4]
?mov_l2_l0              0x00ab38         Code  Gb  vreg_util.o [4]
?mov_l3_l0              0x00ab45         Code  Gb  vreg_util.o [4]
?mov_w0_w4              0x00aad4         Code  Gb  vreg_util.o [4]
?mov_w1_w5              0x00aafd         Code  Gb  vreg_util.o [4]
?mov_w1_w7              0x00ab0a         Code  Gb  vreg_util.o [4]
?mov_w2_w0              0x00aadb         Code  Gb  vreg_util.o [4]
?mov_w2_w1              0x00aae2         Code  Gb  vreg_util.o [4]
?mov_w3_w1              0x00ab17         Code  Gb  vreg_util.o [4]
?mov_w3_w5              0x00ab24         Code  Gb  vreg_util.o [4]
?mov_w3_w7              0x00ab31         Code  Gb  vreg_util.o [4]
?mov_w4_w0              0x00aae9         Code  Gb  vreg_util.o [4]
?mov_w4_w2              0x00aaf0         Code  Gb  vreg_util.o [4]
?mov_w5_w1              0x00ab3e         Code  Gb  vreg_util.o [4]
?mov_w7_w1              0x00ab4b         Code  Gb  vreg_util.o [4]
?move1616_v_x_y_a       0x00bdef         Code  Gb  move.o [4]
?move1616_v_x_y_tos16   0x00bddd         Code  Gb  move.o [4]
?mul16_x_x_w0           0x00bb7c         Code  Gb  short.o [4]
?mul32_l0_l0_l1         0x00a615         Code  Gb  long.o [4]
?pop_l0                 0x00aa85         Code  Gb  vreg_util.o [4]
?pop_l1                 0x00aa90         Code  Gb  vreg_util.o [4]
?pop_l2                 0x00aa9b         Code  Gb  vreg_util.o [4]
?pop_l3                 0x00aaa6         Code  Gb  vreg_util.o [4]
?pop_w4                 0x00aa36         Code  Gb  vreg_util.o [4]
?pop_w6                 0x00aa3d         Code  Gb  vreg_util.o [4]
?push_l0                0x00aa50         Code  Gb  vreg_util.o [4]
?push_l1                0x00aa55         Code  Gb  vreg_util.o [4]
?push_l2                0x00aa5a         Code  Gb  vreg_util.o [4]
?push_l3                0x00aa5f         Code  Gb  vreg_util.o [4]
?push_w4                0x00aa15         Code  Gb  vreg_util.o [4]
?push_w6                0x00aa1a         Code  Gb  vreg_util.o [4]
?sext32_l0_x            0x00a73c         Code  Gb  long.o [4]
?sll16_x_x_a            0x00bbaa         Code  Gb  short.o [4]
?sll32_0x_0x_a          0x00a71d         Code  Gb  long.o [4]
?sll32_l0_l0_a          0x00a71a         Code  Gb  long.o [4]
?smod16_y_x_y           0x00bb9a         Code  Gb  short.o [4]
?srl32_0x_0x_a          0x00a72e         Code  Gb  long.o [4]
?srl32_l0_l0_a          0x00a72b         Code  Gb  long.o [4]
?sub32_l0_l0_0x         0x00a5fd         Code  Gb  long.o [4]
?sub32_l0_l0_l1         0x00a5fa         Code  Gb  long.o [4]
?ucmp32_c_l0_0x         0x00a70a         Code  Gb  long.o [4]
?udiv32_l0_dl_l1        0x00a693         Code  Gb  long.o [4]
?udiv32_l0_l0_dl        0x00a699         Code  Gb  long.o [4]
?udiv32_l0_l0_l1        0x00a69d         Code  Gb  long.o [4]
?umod32_l1_l0_l1        0x00a69d         Code  Gb  long.o [4]
?w0                     0x000000         Data  Gb  vregs.o [4]
?w1                     0x000002         Data  Gb  vregs.o [4]
?w2                     0x000004         Data  Gb  vregs.o [4]
?w3                     0x000006         Data  Gb  vregs.o [4]
?w4                     0x000008         Data  Gb  vregs.o [4]
?w5                     0x00000a         Data  Gb  vregs.o [4]
?w6                     0x00000c         Data  Gb  vregs.o [4]
?w7                     0x00000e         Data  Gb  vregs.o [4]
ADC_Data                0x00bcdf   0x26  Code  Gb  MP_4.o [1]
ADC_IOConfig            0x00bf8e    0x9  Code  Gb  MP_4.o [1]
ADC_Init                0x00beb3   0x17  Code  Gb  MP_4.o [1]
AWU_IRQHandler          0x00bfc9    0x1  Code  Gb  stm8s_it.o [1]
BeepInit                0x00bef8   0x16  Code  Gb  beep.o [1]
CLK_ClockSwitchCmd      0x00bf52    0xd  Code  Gb  stm8s_clk.o [1]
CLK_ClockSwitchConfig   0x00b559   0x80  Code  Gb  stm8s_clk.o [1]
CLK_DeInit              0x00bb46   0x36  Code  Gb  stm8s_clk.o [1]
CLK_GetClockFreq        0x00ba99   0x3c  Code  Gb  stm8s_clk.o [1]
CLK_GetFlagStatus       0x00b433   0x94  Code  Gb  stm8s_clk.o [1]
CLK_HSECmd              0x00bf45    0xd  Code  Gb  stm8s_clk.o [1]
CLK_IRQHandler          0x00bfca    0x1  Code  Gb  stm8s_it.o [1]
CLK_SYSCLKConfig        0x00bc14   0x2c  Code  Gb  stm8s_clk.o [1]
CSTACK$$Base            0x000600          --   Gb  - Linker created -
CSTACK$$Limit           0x000800          --   Gb  - Linker created -
CheckSelf               0x00a747  0x16f  Code  Gb  main.o [1]
Cnt_10ms                0x0001d4    0x1  Data  Gb  stm8s_it.o [1]
Connect_Test_Wifi       0x00b054   0xb4  Code  Gb  main.o [1]
DataFormat              0x0000c1   0x4d  Data  Gb  main.o [1]
DatePackege             0x00010e   0x40  Data  Gb  ESP8826.o [1]
DelayApi                0x00b4c7   0x12  Code  Gb  main.o [1]
Detect                  0x009f6d  0x2f8  Code  Gb  main.o [1]
EEPROM_INIT             0x00be52   0x19  Code  Gb  flash.o [1]
ESP8266Init             0x009408   0xc3  Code  Gb  ESP8826.o [1]
ESP8266_GPIO_Init       0x008e96    0xd  Code  Gb  ESP8826.o [1]
ESP8266_Monitor         0x009767  0x806  Code  Gb  ESP8826.o [1]
ESP8266_RST             0x008ea3   0x19  Code  Gb  ESP8826.o [1]
ESP8266_Reload          0x008e75   0x21  Code  Gb  ESP8826.o [1]
ESP8266_Smart           0x009021  0x3e7  Code  Gb  ESP8826.o [1]
ESP8288_WebConnect      0x0094cb  0x164  Code  Gb  ESP8826.o [1]
EXTI_PORTA_IRQHandler   0x00bfcb    0x1  Code  Gb  stm8s_it.o [1]
EXTI_PORTB_IRQHandler   0x00bfcc    0x1  Code  Gb  stm8s_it.o [1]
EXTI_PORTC_IRQHandler   0x00bfcd    0x1  Code  Gb  stm8s_it.o [1]
EXTI_PORTD_IRQHandler   0x00bfce    0x1  Code  Gb  stm8s_it.o [1]
EXTI_PORTE_IRQHandler   0x00bfcf    0x1  Code  Gb  stm8s_it.o [1]
FLASH_DeInit            0x00be9b   0x18  Code  Gb  stm8s_flash.o [1]
FLASH_Firmware          0x00b9d4   0x47  Code  Gb  stm8s_flash.o [1]
FLASH_ProgramByte       0x00bfab    0x4  Code  Gb  stm8s_flash.o [1]
FLASH_ReadByte          0x00b78a   0x58  Code  Gb  stm8s_flash.o [1]
FLASH_SetProgrammingTime
                        0x00bc40   0x29  Code  Gb  stm8s_flash.o [1]
GPIO_Init               0x00b657   0x76  Code  Gb  stm8s_gpio.o [1]
GPIO_WriteHigh          0x00bf97    0x7  Code  Gb  stm8s_gpio.o [1]
GPIO_WriteLow           0x00bfaf    0x4  Code  Gb  stm8s_gpio.o [1]
GPIO_WriteReverse       0x00bf9e    0x7  Code  Gb  stm8s_gpio.o [1]
GetIPv4                 0x008f78   0xa9  Code  Gb  ESP8826.o [1]
HSIDivFactor            0x008e68    0x4  Data  Gb  stm8s_clk.o [1]
I2C_IRQHandler          0x00bfd6    0x1  Code  Gb  stm8s_it.o [1]
INTVEC$$Base            0x008800          --   Gb  - Linker created -
INTVEC$$Limit           0x008900          --   Gb  - Linker created -
InitAll                 0x00b6cd   0x65  Code  Gb  main.o [1]
InitCpuClock            0x00bbe4   0x30  Code  Gb  main.o [1]
InitOK                  0x00b890   0x56  Code  Gb  MP_4.o [1]
InitTimer2              0x00bdbb   0x22  Code  Gb  main.o [1]
InitUart2               0x00b93a   0x52  Code  Gb  uart.o [1]
LED_BLUE_Ctrl           0x00afe3   0x25  Code  Gb  led.o [1]
LED_Blink               0x00b008   0x4c  Code  Gb  led.o [1]
LED_GREEN_Ctrl          0x00afbe   0x25  Code  Gb  led.o [1]
LED_RED_Ctrl            0x00af99   0x25  Code  Gb  led.o [1]
Led_Init                0x00b732   0x58  Code  Gb  led.o [1]
MQ4_Votage              0x00b8e6   0x54  Code  Gb  MP_4.o [1]
Mode                    0x0001c8    0x1  Data  Gb  main.o [1]
NetWorking              0x00aead   0xec  Code  Gb  main.o [1]
OFF_All                 0x00be83   0x18  Code  Gb  led.o [1]
ProcessPackege          0x009709   0x53  Code  Gb  ESP8826.o [1]
ProgramPara             0x00014e   0x2f  Data  Gb  main.o [1]
RC4                     0x00a8b6  0x15f  Code  Gb  ESP8826.o [1]
Read_ChipID_Init        0x00b305   0x97  Code  Gb  flash.o [1]
Read_SetPPM             0x00b1bb   0xa5  Code  Gb  flash.o [1]
Receive                 0x0001d3    0x1  Data  Gb  stm8s_it.o [1]
Reflash                 0x00975c    0xb  Code  Gb  ESP8826.o [1]
Region$$Table$$Base     0x008d57          --   Gb  - Linker created -
Region$$Table$$Limit    0x008d6b          --   Gb  - Linker created -
SPI_IRQHandler          0x00bfd0    0x1  Code  Gb  stm8s_it.o [1]
SelfTEST                0x00ba1b   0x42  Code  Gb  main.o [1]
Softpnum                0x0001bd    0x2  Data  Gb  main.o [1]
TIM1_CAP_COM_IRQHandler
                        0x00bfd2    0x1  Code  Gb  stm8s_it.o [1]
TIM1_UPD_OVF_TRG_BRK_IRQHandler
                        0x00bfd1    0x1  Code  Gb  stm8s_it.o [1]
TIM2_CAP_COM_IRQHandler
                        0x00bfd3    0x1  Code  Gb  stm8s_it.o [1]
TIM2_ClearFlag          0x00bf84    0xa  Code  Gb  stm8s_tim2.o [1]
TIM2_ClearITPendingBit  0x00bd50   0x25  Code  Gb  stm8s_tim2.o [1]
TIM2_Cmd                0x00bf5f    0xd  Code  Gb  stm8s_tim2.o [1]
TIM2_ITConfig           0x00bf24   0x13  Code  Gb  stm8s_tim2.o [1]
TIM2_UPD_OVF_BRK_IRQHandler
                        0x00ab52  0x124  Code  Gb  stm8s_it.o [1]
TIM3_CAP_COM_IRQHandler
                        0x00bfd5    0x1  Code  Gb  stm8s_it.o [1]
TIM3_UPD_OVF_BRK_IRQHandler
                        0x00bfd4    0x1  Code  Gb  stm8s_it.o [1]
TLI_IRQHandler          0x00bfc8    0x1  Code  Gb  stm8s_it.o [1]
TRAP_IRQHandler         0x00bfc7    0x1  Code  Gb  stm8s_it.o [1]
UART2_ClearFlag         0x00bd75   0x23  Code  Gb  stm8s_uart2.o [1]
UART2_ClearITPendingBit
                        0x00b98c   0x48  Code  Gb  stm8s_uart2.o [1]
UART2_Cmd               0x00bf6c    0xd  Code  Gb  stm8s_uart2.o [1]
UART2_DeInit            0x00bcb8   0x27  Code  Gb  stm8s_uart2.o [1]
UART2_GetFlagStatus     0x00b39c   0x97  Code  Gb  stm8s_uart2.o [1]
UART2_GetITStatus       0x00b108   0xb3  Code  Gb  stm8s_uart2.o [1]
UART2_ITConfig          0x00b5d9   0x7e  Code  Gb  stm8s_uart2.o [1]
UART2_Init              0x00ac76  0x11e  Code  Gb  stm8s_uart2.o [1]
UART2_RX_IRQHandler     0x00b260   0xa5  Code  Gb  stm8s_it.o [1]
UART2_SendData8         0x00bfb3    0x4  Code  Gb  stm8s_uart2.o [1]
UART2_TX_IRQHandler     0x00bd2b   0x25  Code  Gb  stm8s_it.o [1]
UDP_AddrPackege         0x008ebc   0x9a  Code  Gb  ESP8826.o [1]
WWDG_SetCounter         0x00bd98   0x23  Code  Gb  stm8s_wwdg.o [1]
Warning                 0x00bc91   0x27  Code  Gb  beep.o [1]
WebRecvData_Proc        0x00a42c  0x19b  Code  Gb  stm8s_it.o [1]
WebSocketOK             0x0001d6    0x1  Data  Gb  stm8s_it.o [1]
WebSocket_Data          0x00962f   0xda  Code  Gb  ESP8826.o [1]
__DebugBreak            0x00bfd7    0x1  Code  Gb  __dbg_break.o [3]
__exit                  0x00bf0e   0x16  Code  Gb  __dbg_xxexit.o [3]
__iar_copy_init2        0x00bc69         Code  Gb  init_small.o [4]
__iar_data_init2        0x00bdfc   0x1e  Code  Gb  init.o [4]
__iar_program_start     0x00beca         Code  Gb  cstartup.o [4]
__iar_unhandled_exception
                        0x00bfc2         Code  Gb  unhandled_exception.o [4]
__iar_zero_init2        0x00be1a         Code  Gb  init_small.o [4]
__intvec                0x008800         Data  Gb  interrupt.o [4]
__low_level_init        0x00bfbf    0x3  Code  Gb  low_level_init.o [4]
_exit                   0x00bfa5         Code  Gb  cexit.o [4]
_interrupt_1            0x00bfc7         Code  Gb  stm8s_it.o [1]
_interrupt_12           0x00bfd0         Code  Gb  stm8s_it.o [1]
_interrupt_13           0x00bfd1         Code  Gb  stm8s_it.o [1]
_interrupt_14           0x00bfd2         Code  Gb  stm8s_it.o [1]
_interrupt_15           0x00ab52         Code  Gb  stm8s_it.o [1]
_interrupt_16           0x00bfd3         Code  Gb  stm8s_it.o [1]
_interrupt_17           0x00bfd4         Code  Gb  stm8s_it.o [1]
_interrupt_18           0x00bfd5         Code  Gb  stm8s_it.o [1]
_interrupt_2            0x00bfc8         Code  Gb  stm8s_it.o [1]
_interrupt_21           0x00bfd6         Code  Gb  stm8s_it.o [1]
_interrupt_22           0x00bd2b         Code  Gb  stm8s_it.o [1]
_interrupt_23           0x00b260         Code  Gb  stm8s_it.o [1]
_interrupt_3            0x00bfc9         Code  Gb  stm8s_it.o [1]
_interrupt_4            0x00bfca         Code  Gb  stm8s_it.o [1]
_interrupt_5            0x00bfcb         Code  Gb  stm8s_it.o [1]
_interrupt_6            0x00bfcc         Code  Gb  stm8s_it.o [1]
_interrupt_7            0x00bfcd         Code  Gb  stm8s_it.o [1]
_interrupt_8            0x00bfce         Code  Gb  stm8s_it.o [1]
_interrupt_9            0x00bfcf         Code  Gb  stm8s_it.o [1]
abs                     0x00bf79    0xb  Code  Gb  abs.o [4]
assert_failed           0x00bfc5    0x2  Code  Gb  main.o [1]
cipmode                 0x000021    0xf  Data  Gb  ESP8826.o [1]
cipsend                 0x000030    0xd  Data  Gb  ESP8826.o [1]
cnt                     0x0001d8    0x1  Data  Gb  stm8s_it.o [1]
connect_cnt             0x0001c1    0x2  Data  Gb  main.o [1]
endSend                 0x00003d    0x4  Data  Gb  ESP8826.o [1]
exit                    0x00bfbb    0x4  Code  Gb  exit.o [4]
flag_10ms               0x0001d2    0x1  Data  Gb  stm8s_it.o [1]
led_revise_done         0x00b4d9   0x80  Code  Gb  main.o [1]
main                    0x00a265  0x1c7  Code  Gb  main.o [1]
memcpy                  0x00bd05   0x26  Code  Gb  memcpy.o [4]
memset                  0x00bee1   0x17  Code  Gb  memset.o [4]
myatoi                  0x008f56   0x22  Code  Gb  ESP8826.o [1]
mykey_Press             0x00ad94  0x119  Code  Gb  key.o [1]
mystrlen                0x00be6b   0x18  Code  Gb  ESP8826.o [1]
mystrstr                0x00bad5   0x3a  Code  Gb  ESP8826.o [1]
open_key                0x000010   0x11  Data  Gb  ESP8826.o [1]
primaryKey              0x00019d   0x10  Data  Gb  ESP8826.o [1]
readSomeByte            0x00ba5d   0x3c  Code  Gb  flash.o [1]
rxi                     0x0001d7    0x1  Data  Gb  stm8s_it.o [1]
strstr_index            0x00b83a   0x56  Code  Gb  ESP8826.o [1]
uartSendDataBuf         0x00bbb2   0x32  Code  Gb  uart.o [1]
ubIndex                 0x0001d5    0x1  Data  Gb  stm8s_it.o [1]
ubStartTimerFlag        0x0001c9    0x1  Data  Gb  main.o [1]
ubUartRxBuf             0x000041   0x80  Data  Gb  main.o [1]
uwTimerCount            0x0001bf    0x2  Data  Gb  main.o [1]
waitTime                0x0001ad    0x2  Data  Gb  ESP8826.o [1]
writeSomeByte           0x00bb0f   0x37  Code  Gb  flash.o [1]


[1] = C:\Users\pc\Desktop\8266\code\Gas_准正式版\Debug\Obj
[2] = command line
[3] = dbgstm8mmd.a
[4] = dlstm8mmn.a

  12 643 bytes of readonly  code memory
   1 653 bytes of readonly  data memory
     985 bytes of readwrite data memory

Errors: none
Warnings: none
